Error: Could not find or load main class org.gradle.wrapper.GradleWrapperMain
